******************************************************************************
                  TI ARM Linker PC v17.6.0                     
******************************************************************************
>> Linked Sat Jan 27 17:42:35 2018

OUTPUT FILE NAME:   <ECPE155_lab01.out>
ENTRY POINT SYMBOL: "_c_int00"  address: 00000725


MEMORY CONFIGURATION

         name            origin    length      used     unused   attr    fill
----------------------  --------  ---------  --------  --------  ----  --------
  FLASH                 00000000   00040000  00000814  0003f7ec  R  X
  SRAM                  20000000   00008000  00000214  00007dec  RW X


SEGMENT ALLOCATION MAP

run origin  load origin   length   init length attrs members
----------  ----------- ---------- ----------- ----- -------
00000000    00000000    00000818   00000818    r-x
  00000000    00000000    0000026c   0000026c    r-- .intvecs
  0000026c    0000026c    00000588   00000588    r-x .text
  000007f8    000007f8    00000020   00000020    r-- .cinit
20000000    20000000    00000214   00000000    rw-
  20000000    20000000    00000200   00000000    rw- .stack
  20000200    20000200    00000014   00000000    rw- .data


SECTION ALLOCATION MAP

 output                                  attributes/
section   page    origin      length       input sections
--------  ----  ----------  ----------   ----------------
.intvecs   0    00000000    0000026c     
                  00000000    0000026c     tm4c123gh6pm_startup_ccs.obj (.intvecs)

.text      0    0000026c    00000588     
                  0000026c    00000130     driverlib.lib : gpio.obj (.text:GPIOPadConfigSet)
                  0000039c    0000010c     main.obj (.text)
                  000004a8    0000009c     rtsv7M4_T_le_v4SPD16_eabi.lib : memcpy_t2.obj (.text)
                  00000544    00000070                                   : autoinit.obj (.text)
                  000005b4    00000068                                   : copy_decompress_lzss.obj (.text:decompress:lzss)
                  0000061c    00000054                                   : exit.obj (.text)
                  00000670    0000004c                                   : cpy_tbl.obj (.text)
                  000006bc    00000034     driverlib.lib : sysctl.obj (.text:SysCtlPeripheralEnable)
                  000006f0    00000034                   : sysctl.obj (.text:SysCtlPeripheralReady)
                  00000724    00000030     rtsv7M4_T_le_v4SPD16_eabi.lib : boot_cortex_m.obj (.text)
                  00000754    0000002a     driverlib.lib : gpio.obj (.text:GPIODirModeSet)
                  0000077e    00000018                   : gpio.obj (.text:GPIOPinTypeGPIOOutput)
                  00000796    00000002     rtsv7M4_T_le_v4SPD16_eabi.lib : startup.obj (.text)
                  00000798    00000018                                   : args_main.obj (.text)
                  000007b0    00000014                                   : _lock.obj (.text)
                  000007c4    0000000e                                   : copy_decompress_none.obj (.text:decompress:none)
                  000007d2    0000000c     driverlib.lib : gpio.obj (.text:GPIOIntEnable)
                  000007de    0000000c     tm4c123gh6pm_startup_ccs.obj (.text)
                  000007ea    00000006     driverlib.lib : gpio.obj (.text:GPIOPinWrite)
                  000007f0    00000004     rtsv7M4_T_le_v4SPD16_eabi.lib : pre_init.obj (.text)

.cinit     0    000007f8    00000020     
                  000007f8    0000000e     (.cinit..data.load) [load image, compression = lzss]
                  00000806    00000002     --HOLE-- [fill = 0]
                  00000808    00000008     (__TI_handler_table)
                  00000810    00000008     (__TI_cinit_table)

.init_array 
*          0    00000000    00000000     UNINITIALIZED

.data      0    20000200    00000014     UNINITIALIZED
                  20000200    0000000c     rtsv7M4_T_le_v4SPD16_eabi.lib : exit.obj (.data:$O1$$)
                  2000020c    00000008                                   : _lock.obj (.data:$O1$$)

.stack     0    20000000    00000200     UNINITIALIZED
                  20000000    00000004     rtsv7M4_T_le_v4SPD16_eabi.lib : boot_cortex_m.obj (.stack)
                  20000004    000001fc     --HOLE--

MODULE SUMMARY

       Module                         code   ro data   rw data
       ------                         ----   -------   -------
    .\
       tm4c123gh6pm_startup_ccs.obj   12     620       0      
       main.obj                       268    0         0      
    +--+------------------------------+------+---------+---------+
       Total:                         280    620       0      
                                                              
    C:/TivaWare/driverlib/ccs/Debug/driverlib.lib
       gpio.obj                       388    0         0      
       sysctl.obj                     104    0         0      
    +--+------------------------------+------+---------+---------+
       Total:                         492    0         0      
                                                              
    C:\ti\ccsv7\tools\compiler\ti-cgt-arm_17.6.0.STS\lib\rtsv7M4_T_le_v4SPD16_eabi.lib
       memcpy_t2.obj                  156    0         0      
       autoinit.obj                   112    0         0      
       copy_decompress_lzss.obj       104    0         0      
       exit.obj                       84     0         12     
       cpy_tbl.obj                    76     0         0      
       boot_cortex_m.obj              48     0         0      
       _lock.obj                      20     0         8      
       args_main.obj                  24     0         0      
       copy_decompress_none.obj       14     0         0      
       pre_init.obj                   4      0         0      
       startup.obj                    2      0         0      
    +--+------------------------------+------+---------+---------+
       Total:                         644    0         20     
                                                              
       Stack:                         0      0         512    
       Linker Generated:              0      30        0      
    +--+------------------------------+------+---------+---------+
       Grand Total:                   1416   650       532    


LINKER GENERATED COPY TABLES

__TI_cinit_table @ 00000810 records: 1, size/record: 8, table size: 8
	.data: load addr=000007f8, load size=0000000e bytes, run addr=20000200, run size=00000014 bytes, compression=lzss


LINKER GENERATED HANDLER TABLE

__TI_handler_table @ 00000808 records: 2, size/record: 4, table size: 8
	index: 0, handler: __TI_decompress_lzss
	index: 1, handler: __TI_decompress_none


GLOBAL SYMBOLS: SORTED ALPHABETICALLY BY Name 

address   name                           
-------   ----                           
0000061d  C$$EXIT                        
00000755  GPIODirModeSet                 
000007d3  GPIOIntEnable                  
0000026d  GPIOPadConfigSet               
0000077f  GPIOPinTypeGPIOOutput          
000007eb  GPIOPinWrite                   
000007df  ResetISR                       
UNDEFED   SHT$$INIT_ARRAY$$Base          
UNDEFED   SHT$$INIT_ARRAY$$Limit         
000006bd  SysCtlPeripheralEnable         
000006f1  SysCtlPeripheralReady          
20000200  __STACK_END                    
00000200  __STACK_SIZE                   
20000200  __STACK_TOP                    
00000810  __TI_CINIT_Base                
00000818  __TI_CINIT_Limit               
00000808  __TI_Handler_Table_Base        
00000810  __TI_Handler_Table_Limit       
00000545  __TI_auto_init                 
20000200  __TI_cleanup_ptr               
000005b5  __TI_decompress_lzss           
000007c5  __TI_decompress_none           
20000204  __TI_dtors_ptr                 
20000208  __TI_enable_exit_profile_output
ffffffff  __TI_pprof_out_hndl            
ffffffff  __TI_prof_data_size            
ffffffff  __TI_prof_data_start           
00000000  __TI_static_base__             
000004a9  __aeabi_memcpy                 
000004a9  __aeabi_memcpy4                
000004a9  __aeabi_memcpy8                
ffffffff  __binit__                      
ffffffff  __c_args__                     
UNDEFED   __mpu_init                     
20000000  __stack                        
00000799  _args_main                     
00000725  _c_int00                       
2000020c  _lock                          
000007bf  _nop                           
000007b7  _register_lock                 
000007b1  _register_unlock               
00000797  _system_post_cinit             
000007f1  _system_pre_init               
20000210  _unlock                        
00000621  abort                          
ffffffff  binit                          
00000671  copy_in                        
00000629  exit                           
00000000  g_pfnVectors                   
0000039d  main                           
000004a9  memcpy                         


GLOBAL SYMBOLS: SORTED BY Symbol Address 

address   name                           
-------   ----                           
00000000  __TI_static_base__             
00000000  g_pfnVectors                   
00000200  __STACK_SIZE                   
0000026d  GPIOPadConfigSet               
0000039d  main                           
000004a9  __aeabi_memcpy                 
000004a9  __aeabi_memcpy4                
000004a9  __aeabi_memcpy8                
000004a9  memcpy                         
00000545  __TI_auto_init                 
000005b5  __TI_decompress_lzss           
0000061d  C$$EXIT                        
00000621  abort                          
00000629  exit                           
00000671  copy_in                        
000006bd  SysCtlPeripheralEnable         
000006f1  SysCtlPeripheralReady          
00000725  _c_int00                       
00000755  GPIODirModeSet                 
0000077f  GPIOPinTypeGPIOOutput          
00000797  _system_post_cinit             
00000799  _args_main                     
000007b1  _register_unlock               
000007b7  _register_lock                 
000007bf  _nop                           
000007c5  __TI_decompress_none           
000007d3  GPIOIntEnable                  
000007df  ResetISR                       
000007eb  GPIOPinWrite                   
000007f1  _system_pre_init               
00000808  __TI_Handler_Table_Base        
00000810  __TI_CINIT_Base                
00000810  __TI_Handler_Table_Limit       
00000818  __TI_CINIT_Limit               
20000000  __stack                        
20000200  __STACK_END                    
20000200  __STACK_TOP                    
20000200  __TI_cleanup_ptr               
20000204  __TI_dtors_ptr                 
20000208  __TI_enable_exit_profile_output
2000020c  _lock                          
20000210  _unlock                        
ffffffff  __TI_pprof_out_hndl            
ffffffff  __TI_prof_data_size            
ffffffff  __TI_prof_data_start           
ffffffff  __binit__                      
ffffffff  __c_args__                     
ffffffff  binit                          
UNDEFED   SHT$$INIT_ARRAY$$Base          
UNDEFED   SHT$$INIT_ARRAY$$Limit         
UNDEFED   __mpu_init                     

[51 symbols]
